[snapshot] 产物构建于 2026-09-24 04:21:41 · 引用的入口 = main-DMVIuY4l.js
[snapshot] 最新源码 2026-09-24 04:12:30 · HEAD 提交 2026-09-24 04:21:22
[snapshot] 页面实际加载 = main-DMVIuY4l.js
{
  "script": "verify-a1-workspace-switch",
  "base": "http://localhost:5175",
  "checks": {
    "A1.0 工作区 A 挂载成功且磁盘含 assets/a.png": {
      "ok": true,
      "detail": {
        "listA": [
          "a.mm.md",
          "assets/a.png"
        ]
      }
    },
    "A1.1 挂载 A：a.png 卡片带「工作区」归属徽章": {
      "ok": true,
      "detail": {
        "card": {
          "name": "a.png",
          "store": "workspace-assets",
          "src": "blob:http://localhost:5175/a19f213c-f6d2-4943-b2b3-27971446542c",
          "naturalWidth": 1
        }
      }
    },
    "A1.2 挂载 A：a.png 画出真实像素（无错图）": {
      "ok": true,
      "detail": {
        "probe": {
          "ok": true,
          "hex": "#ff0000",
          "r": 255,
          "g": 0,
          "b": 0,
          "w": 1,
          "h": 1,
          "src": "blob:http://localhost:5175/a19f213c-f6d2-4943-b2b3-27971446542c"
        }
      }
    },
    "A1.3 挂载 A：像素是**红**色（= A 的蓝图）": {
      "ok": true,
      "detail": {
        "probe": {
          "ok": true,
          "hex": "#ff0000",
          "r": 255,
          "g": 0,
          "b": 0,
          "w": 1,
          "h": 1,
          "src": "blob:http://localhost:5175/a19f213c-f6d2-4943-b2b3-27971446542c"
        }
      }
    },
    "A1.4 挂载 A：src 是作用域内 blob URL": {
      "ok": true,
      "detail": {
        "srcA": "blob:http://localhost:5175/a19f213c-f6d2-4943-b2b3-27971446542c"
      }
    },
    "A1.5 工作区 B 磁盘含 assets/a.png（同名不同工作区）": {
      "ok": true,
      "detail": {
        "listB": [
          "assets/a.png",
          "b.mm.md"
        ]
      }
    },
    "A1.6 切到 B：a.png 卡片带「工作区」归属徽章": {
      "ok": true,
      "detail": {
        "card": {
          "name": "a.png",
          "store": "workspace-assets",
          "src": "blob:http://localhost:5175/96ab2b5f-77de-4371-a10d-2f703b006626",
          "naturalWidth": 1
        }
      }
    },
    "A1.7 切到 B：a.png 画出真实像素（无错图）": {
      "ok": true,
      "detail": {
        "probe": {
          "ok": true,
          "hex": "#0000ff",
          "r": 0,
          "g": 0,
          "b": 255,
          "w": 1,
          "h": 1,
          "src": "blob:http://localhost:5175/96ab2b5f-77de-4371-a10d-2f703b006626"
        }
      }
    },
    "A1.8 切到 B：像素是**蓝**色（= 当前作用域 B 的蓝图，① 的关键判据）": {
      "ok": true,
      "detail": {
        "probe": {
          "ok": true,
          "hex": "#0000ff",
          "r": 0,
          "g": 0,
          "b": 255,
          "w": 1,
          "h": 1,
          "src": "blob:http://localhost:5175/96ab2b5f-77de-4371-a10d-2f703b006626"
        }
      }
    },
    "A1.9 切到 B：同名 a.png 的解析 URL 与 A 的**不同**（作用域不互相覆盖，R-07）": {
      "ok": true,
      "detail": {
        "srcA": "blob:http://localhost:5175/a19f213c-f6d2-4943-b2b3-27971446542c",
        "srcB": "blob:http://localhost:5175/96ab2b5f-77de-4371-a10d-2f703b006626"
      }
    },
    "A1.10 切回 A：解析 URL 不是 B 的（B 的迟到/陈旧结果未回填错图）": {
      "ok": true,
      "detail": {
        "backSrc": "blob:http://localhost:5175/e36edda1-967c-4232-a4a3-1bfc65990e25",
        "srcB": "blob:http://localhost:5175/96ab2b5f-77de-4371-a10d-2f703b006626"
      }
    },
    "A1.11 切回 A：像素**不等于蓝色**（没有把 B 的蓝图当成本作用域的图）": {
      "ok": true,
      "detail": {
        "probe": {
          "ok": true,
          "hex": "#ffe38e",
          "r": 255,
          "g": 227,
          "b": 142,
          "w": 1,
          "h": 1,
          "src": "blob:http://localhost:5175/e36edda1-967c-4232-a4a3-1bfc65990e25"
        }
      }
    },
    "A1.12 面板卡片带可观测的落点徽章（③ 的前提：data-asset-store）": {
      "ok": true,
      "detail": {
        "storesSeen": [
          "browser-idb",
          "workspace-assets"
        ]
      }
    },
    "A1.13 连续切工作区全程零原生对话框调用": {
      "ok": true,
      "detail": {
        "dialogs": []
      }
    }
  },
  "unconfirmed": [
    {
      "label": "A1 真实 OS 磁盘 I/O 时序",
      "reason": "用页面内内存磁盘顶替系统目录手势（§3 X1 允许替身 picker 顶替手势）；真实 OS 文件系统的读延迟/失败模式未覆盖。"
    },
    {
      "label": "A1 逐帧「无闪烁」采样",
      "reason": "用真实点击 + 真实 img.decode() + canvas 取像素逼近；未做 requestAnimationFrame 逐帧采样。"
    }
  ],
  "findings": [
    {
      "id": "A1-RE-LIST-STALENESS",
      "kind": "observation",
      "summary": "同一挂载会话内「切换本地目录」到另一工作区后，图库清单不重扫（effect 依赖 workspaceReady 布尔量 true→true 不触发），卡片短暂停留上一作用域。走「断开 → 打开文件夹」路径则正常。",
      "impact": "本项 A1 ①②③ 在「断开→打开」路径下全部成立；上述为 UI 刷新时机观察，非错图。"
    }
  ],
  "inA": {
    "card": {
      "name": "a.png",
      "store": "workspace-assets",
      "src": "blob:http://localhost:5175/a19f213c-f6d2-4943-b2b3-27971446542c",
      "naturalWidth": 1
    },
    "probe": {
      "ok": true,
      "hex": "#ff0000",
      "r": 255,
      "g": 0,
      "b": 0,
      "w": 1,
      "h": 1,
      "src": "blob:http://localhost:5175/a19f213c-f6d2-4943-b2b3-27971446542c"
    }
  },
  "inB": {
    "card": {
      "name": "a.png",
      "store": "workspace-assets",
      "src": "blob:http://localhost:5175/96ab2b5f-77de-4371-a10d-2f703b006626",
      "naturalWidth": 1
    },
    "probe": {
      "ok": true,
      "hex": "#0000ff",
      "r": 0,
      "g": 0,
      "b": 255,
      "w": 1,
      "h": 1,
      "src": "blob:http://localhost:5175/96ab2b5f-77de-4371-a10d-2f703b006626"
    }
  },
  "srcA": "blob:http://localhost:5175/a19f213c-f6d2-4943-b2b3-27971446542c",
  "srcB": "blob:http://localhost:5175/96ab2b5f-77de-4371-a10d-2f703b006626",
  "backInA": {
    "card": {
      "name": "a.png",
      "store": "workspace-assets",
      "src": "blob:http://localhost:5175/e36edda1-967c-4232-a4a3-1bfc65990e25",
      "naturalWidth": 1
    },
    "probe": {
      "ok": true,
      "hex": "#ffe38e",
      "r": 255,
      "g": 227,
      "b": 142,
      "w": 1,
      "h": 1,
      "src": "blob:http://localhost:5175/e36edda1-967c-4232-a4a3-1bfc65990e25"
    }
  },
  "storesSeen": [
    "browser-idb",
    "workspace-assets"
  ],
  "dialogs": [],
  "result": "PASS",
  "pass": true
}
