[snapshot] 产物构建于 2026-09-23 18:57:09 · 引用的入口 = main-EMdokVhU.js
[snapshot] 最新源码 2026-09-23 18:30:40 · HEAD 提交 2026-09-23 16:27:34
[snapshot] 页面实际加载 = main-EMdokVhU.js
{
  "script": "verify-f1f2-browser",
  "base": "http://localhost:5175",
  "checks": {
    "脚本执行": {
      "ok": false,
      "detail": "Error: F1③ 前置未达成（文档非 durable）：跳过租约断言（已标 unconfirmed）"
    }
  },
  "unconfirmed": [
    {
      "label": "F1③ 的**前置**（文档 durable：打开工作区文档后 Ctrl+S 能落盘）",
      "reason": "连续 5 次「编辑 + Ctrl+S」均被 S2G 同步守卫拦截（out.s2gBlockedTimes=4）→ 前置不成立，F1③ 的租约断言本轮**未在正确前置下运行**。已单列为 finding F1-S2G-INTERMITTENT-BLOCK。"
    }
  ],
  "findings": [
    {
      "id": "F1-S2G-INTERMITTENT-BLOCK",
      "kind": "finding",
      "severity": "medium",
      "summary": "真实浏览器里「打开工作区文档 → 编辑 → Ctrl+S」，**首次保存会间歇性被 S2G 同步守卫拦截**（提示「已阻止保存：当前画布内容与文档不同步（防误写）」），需再次 Ctrl+S 才落盘。本轮 5 次尝试中有 4 次被拦。",
      "mechanism": "saveGuard.canWriteDoc 要求 syncedSourceRef === doc.source；打开工作区文件的路径下该簿记偶发未置位（useDocumentSwitch 的写点与 controller 创建写点之间的时序竞态嫌疑），判据为「精确等值」故一旦未置位即整次拒绝。",
      "evidence": "out.s2gBlockedTimes>0 且磁盘源码在首次 Ctrl+S 后仍是打开时的原文；重试后落盘成功。",
      "impact": "用户视角「改了却提示保存被阻止、必须再按一次」；不是数据丢失（内容仍在内存/重试可存），但属可见的假失败。"
    }
  ],
  "s2gBlockedTimes": 4,
  "durableAttempts": 5,
  "s2gBlocked": true,
  "result": "FAIL",
  "pass": false
}
