(!) Your Vite config uses features that are unsupported by `configLoader: 'native'`, which is planned to become the default in a future major version of Vite:
  - import "./vite.config" without a file extension (vitest.config.ts:4:24). Add the file extension
Set `VITE_CONFIG_NATIVE_IGNORE_WARNING=true` to suppress this warning.

 RUN  v4.1.11 /Users/xin020/Desktop/temp workbase/mindcanvas-portable-20260921/mindcanvas-s5/apps/canvas

 ❯ tests/file-op-partial.test.tsx (19 tests | 2 failed) 40ms
     ✓ ★① 出现「两份」说明，且同时列出新位置与旧位置（不呈现为「移动失败」） 11ms
     ✓ ② 未编辑副本时 copyHasNewChanges=false（提供「撤销新副本」直接入口） 1ms
     ✓ ★③ 「重试删除原文件」只删源、**不重建目标**（不覆盖新副本内容） 2ms
     ✓ 「保留两份」：关闭面板 + 明确提示旧文件仍在（不删任何东西） 1ms
     ✓ ★「撤销新副本」：删掉副本、回到旧位置（源保留） 2ms
     ✓ 撤销失败 → 如实说「两份都在，请手动处理」（不假装成功） 2ms
     ✓ 「稍后处理」：关闭面板、零删除（本轮不自动重试） 1ms
     ✓ dirty 的当前文档移动前先出三选（不直接动手） 2ms
     ✓ ★copyHasNewChanges=true：当前文档就是新副本且有改动 → 保护触发 2ms
     ✓ ★保护分支下不提供「撤销新副本」直接入口（只有显式放弃改动） 1ms
     ✓ ★「放弃这些改动并删除副本」是保护分支下的可删路径 1ms
     × 源被外部修改（size 不同）→ **不删除**，转「保留两份」 4ms
     ✓ 源未被修改（快照一致）→ 允许删除 1ms
     × ★快照不可读（null）→ 保守不删（不可判定 ≠ 可删） 2ms
     ✓ 源已被外部删除 → 如实提示并刷新（不当成删除成功） 1ms
     ✓ 副本成功：源一字不改、副本内容一致、不换目的地（当前文档仍是原文档） 1ms
     ✓ 删除成功 → done 且文件消失 1ms
     ✓ 权限被拒 → 失败提示（文件保留、目的地不变） 1ms
     ✓ 删除不写目的地（目的地仍指原文档，直到会话关闭） 1ms

⎯⎯⎯⎯⎯⎯⎯ Failed Tests 2 ⎯⎯⎯⎯⎯⎯⎯

 FAIL  tests/file-op-partial.test.tsx > ★L4 · 重试删源前的外部修改复查 > 源被外部修改（size 不同）→ **不删除**，转「保留两份」
AssertionError: expected false to be true // Object.is equality

- Expected
+ Received

- true
+ false

 ❯ tests/file-op-partial.test.tsx:425:46
    423|
    424|     // 源**仍在**（这正是跳过复查会转红的位置）
    425|     expect(host.state.files.has('架构.mm.md')).toBe(true);
       |                                              ^
    426|     expect(h.view.result.current.ui.notice).toContain('外部修改');
    427|     // 没有发起删除尝试

⎯⎯⎯⎯⎯⎯⎯⎯⎯⎯⎯⎯⎯⎯⎯⎯⎯⎯⎯⎯⎯⎯⎯⎯[1/2]⎯

 FAIL  tests/file-op-partial.test.tsx > ★L4 · 重试删源前的外部修改复查 > ★快照不可读（null）→ 保守不删（不可判定 ≠ 可删）
AssertionError: expected false to be true // Object.is equality

- Expected
+ Received

- true
+ false

 ❯ tests/file-op-partial.test.tsx:467:46
    465|       await Promise.resolve();
    466|     });
    467|     expect(host.state.files.has('架构.mm.md')).toBe(true);
       |                                              ^
    468|     expect(h.view.result.current.ui.notice).toContain('未删除');
    469|   });

⎯⎯⎯⎯⎯⎯⎯⎯⎯⎯⎯⎯⎯⎯⎯⎯⎯⎯⎯⎯⎯⎯⎯⎯[2/2]⎯


 Test Files  1 failed (1)
      Tests  2 failed | 17 passed (19)
   Start at  11:08:43
   Duration  3.28s (transform 1.48s, setup 0ms, import 1.91s, tests 40ms, environment 1.17s)

