[33m(!) Your Vite config uses features that are unsupported by `configLoader: 'native'`, which is planned to become the default in a future major version of Vite:
  - import "./vite.config" without a file extension (vitest.config.ts:4:24). Add the file extension
Set `VITE_CONFIG_NATIVE_IGNORE_WARNING=true` to suppress this warning.[39m

[1m[30m[46m RUN [49m[39m[22m [36mv4.1.11 [39m[90m/Users/xin020/Desktop/temp workbase/mindcanvas-portable-20260921/mindcanvas-s5/apps/canvas[39m

 [31m❯[39m tests/doc-index.test.ts [2m([22m[2m75 tests[22m[2m | [22m[31m1 failed[39m[2m)[22m[32m 22[2mms[22m[39m
     [32m✓[39m 打开推进 openedAt，保存不推进；保存只推进 savedAt[32m 2[2mms[22m[39m
     [32m✓[39m 「最近」按 openedAt 降序：保存更晚但打开更早的文档仍排后面[32m 1[2mms[22m[39m
     [32m✓[39m openedAt === null 排末尾且显示「未记录打开时间」（不回落 mtime）[32m 2[2mms[22m[39m
     [32m✓[39m `formatRecentWhen`：只有 `null` 是「未记录打开时间」，`0` 是真实时间戳[32m 0[2mms[22m[39m
[31m     [31m×[31m compareRecent 的 null 分支按 savedAt 降序稳定排列[39m[32m 4[2mms[22m[39m
     [32m✓[39m 索引键本身损坏时不抛错、退回空索引[32m 0[2mms[22m[39m
     [32m✓[39m 索引条目形状非法时被过滤，合法的仍保留（与 docLibrary 同规）[32m 0[2mms[22m[39m
     [32m✓[39m 旧库键无法解析时迁移不崩：不删旧键、不误报成功[32m 0[2mms[22m[39m
     [32m✓[39m 旧库键可解析但形状非法时整批记为未迁移[32m 0[2mms[22m[39m
     [32m✓[39m 旧库数组里混入非法条目时只跳过那一条[32m 0[2mms[22m[39m
     [32m✓[39m 同一旧键迁移两次结果一致（条目、时间、legacyKeys 全不动）[32m 0[2mms[22m[39m
     [32m✓[39m 第一批未处理完的旧键在后续调用时补齐（可中断续跑）[32m 0[2mms[22m[39m
     [32m✓[39m 续跑不依赖内存状态：新实例（模拟刷新）重跑得到同样结果且不重复[32m 0[2mms[22m[39m
     [32m✓[39m M5：他区同名条目不被他区旧库键认领（existing 查找须限定当前作用域）[32m 0[2mms[22m[39m
     [32m✓[39m M5：浏览器身份条目仍可被同 relPath 的旧库键认领（兼容模式打开过它）[32m 0[2mms[22m[39m
     [32m✓[39m M5：唯一同名 + 无既有条目：不建条目进历史池（凭文件名不能造 ws: 身份）[32m 0[2mms[22m[39m
     [32m✓[39m M5：本区有证据但索引里没有这条文档 → 不凭空造 `ws:` 条目（旧库 id 只是文件名）[32m 0[2mms[22m[39m
     [32m✓[39m M5：本区「有既有条目但无历史证据」→ 不得认领，进历史池（归属证据位最具判别力的场景）[32m 0[2mms[22m[39m
     [32m✓[39m M5：既有条目带 `ephemeral`（上次会话身份已失效）→ 不得认领，进历史池[32m 0[2mms[22m[39m
     [32m✓[39m M5：本区有证据 + 既有条目 → 正常认领（新守卫不得把合法迁移一并拦掉）[32m 0[2mms[22m[39m
     [32m✓[39m 投影不得抹掉尚未迁移的畸形旧行（`null` / 缺 id）[32m 0[2mms[22m[39m
     [32m✓[39m 有 isSameEntry 证据的作用域下，精确 relPath 命中才迁移[32m 0[2mms[22m[39m
     [32m✓[39m 用户显式「关联到此工作区」后才绑定，并留下 relinkEvidence[32m 0[2mms[22m[39m
     [32m✓[39m relink 拒绝跨作用域目标（不伪造归属证据）[32m 0[2mms[22m[39m
     [32m✓[39m relink 拒绝不存在的目标（不允许凭一次点击凭空造身份）[32m 0[2mms[22m[39m
     [32m✓[39m 忽略只从呈现移除，不改索引、不删旧键[32m 0[2mms[22m[39m
     [32m✓[39m ephemeral（上次会话的 disk-session）作用域的旧条目进历史池，不自动绑定[32m 0[2mms[22m[39m
     [32m✓[39m hasOwnershipEvidence：无 relPath / 未持久 / 无证据 一律 false[32m 0[2mms[22m[39m
     [32m✓[39m M11 衔接：legacy adoption（session-only）不算证据，isSameEntry 才算[32m 0[2mms[22m[39m
     [32m✓[39m migrateContextOf：browser 唯一作用域可直迁；disk-session 不持久[32m 0[2mms[22m[39m
     [32m✓[39m 升级后**新增收藏**出现在旧结构（mindcanvas.library.v1 / starred.v1）里[32m 0[2mms[22m[39m
     [32m✓[39m ts = max(openedAt, savedAt)：保存更晚时投影取 savedAt[32m 0[2mms[22m[39m
     [32m✓[39m 投影保 source 只留 8 条，且不同旧 id 的既有快照不串源[32m 1[2mms[22m[39m
     [32m✓[39m 取消收藏会同步从旧收藏键移除（投影是当前状态的镜像，不是只增）[32m 0[2mms[22m[39m
     [32m✓[39m 投影写入失败时主流程不中断，但该次变更标为不可回退且可查[32m 0[2mms[22m[39m
     [32m✓[39m 索引键写失败也如实返回（不伪报成功）[32m 0[2mms[22m[39m
     [32m✓[39m 仅 library 投影键写失败时也标为不可回退（回读校验，不谎报成功）[32m 0[2mms[22m[39m
     [32m✓[39m 仅 library 投影键写失败：starred 那一路仍正常（失败被判在正确的键上）[32m 0[2mms[22m[39m
     [32m✓[39m library 投影写成功后回读校验通过（回读校验本身不误报失败）[32m 0[2mms[22m[39m
     [32m✓[39m 回读校验覆盖**畸形旧行**：library 写丢畸形行时也判失败（不只是索引条目）[32m 0[2mms[22m[39m
     [32m✓[39m M6：索引里存在**其他作用域**的同名条目 → 不认领，进历史池[32m 0[2mms[22m[39m
     [32m✓[39m M6：证据充分但命中条目属于**别的**作用域 → 仍不认领（作用域是本条硬条件）[32m 0[2mms[22m[39m
     [32m✓[39m M6：证据充分但命中条目是 `ephemeral` → 仍不认领（作用域已失效）[32m 0[2mms[22m[39m
     [32m✓[39m M6：索引里的 `ephemeral` 条目不被旧收藏键认领（§6.2.1 第 5 行）[32m 0[2mms[22m[39m
     [32m✓[39m M6：同作用域且有证据时，精确命中才认领为收藏[32m 0[2mms[22m[39m
     [32m✓[39m M7：`assets/<rel>` 项在有证据作用域下迁移为 (scopeId, relPath)，前缀不进入 assetKey[32m 0[2mms[22m[39m
     [32m✓[39m M7：无证据作用域下 `assets/<rel>` 项进历史池（唯一同名也不认领）[32m 0[2mms[22m[39m
     [32m✓[39m M7：他区已有同 assetKey 条目 → 不得复用（`ownScope` 的「他区不得复用」语义）[32m 0[2mms[22m[39m
     [32m✓[39m M7：他区条目存在时仍为本区新建条目（`ownScope` 只隔离他区，不阻断本区合法迁移）[32m 0[2mms[22m[39m
     [32m✓[39m M7：`draw:` 前缀（SVG）按同一规则处理[32m 0[2mms[22m[39m
     [32m✓[39m M7：`builtin:` 与 data: 是自包含引用，不属于任何作用域，可直接迁移（I-5）[32m 0[2mms[22m[39m
     [32m✓[39m M7：无法切出合法 `kind:` 的键记为未迁移，不猜归属[32m 0[2mms[22m[39m
     [32m✓[39m M8：自由画布最近并入索引且**不改写**该旧键[32m 0[2mms[22m[39m
     [32m✓[39m M8：单条损坏跳过，合法条目仍迁入[32m 0[2mms[22m[39m
     [32m✓[39m M9 写侧**未实现**：迁移全程不触碰 `mindcanvas-handles`[32m 0[2mms[22m[39m
     [32m✓[39m 旧键一律不删除（DS-10 由主控决定）[32m 0[2mms[22m[39m
     [32m✓[39m 收藏跟稳定身份走：relPath 改了收藏不丢[32m 0[2mms[22m[39m
     [32m✓[39m 未知字段在读写往返中保留（前向兼容）[32m 0[2mms[22m[39m
     [32m✓[39m 缺失字段被补齐而不丢条目（后向兼容）[32m 0[2mms[22m[39m
     [32m✓[39m listDocs 可容忍非数组索引键[32m 0[2mms[22m[39m
     [32m✓[39m ★改名后收藏仍在（跟在同一个逻辑文档上，不是新增一条）[32m 0[2mms[22m[39m
     [32m✓[39m ★lineageId 随行（血统不断：收藏/最近按它迁移）[32m 0[2mms[22m[39m
     [32m✓[39m ★旧键进 legacyKeys（投影据此认领，不是凭同名猜测）[32m 0[2mms[22m[39m
     [32m✓[39m 移动（换目录）同样随行：收藏与血统都不丢[32m 0[2mms[22m[39m
     [32m✓[39m ★旧条目不存在（从未登记）→ 退化为首次登记，不制造假血统[32m 0[2mms[22m[39m
     [32m✓[39m ★连续两次改名：收藏不丢、不产生第二条条目[32m 0[2mms[22m[39m
     [32m✓[39m ★F5：两个同名不同目录的文档是两条独立条目，各自收藏互不串（改名只影响自己）[32m 0[2mms[22m[39m
     [32m✓[39m 不变量 5：改名后旧行被回收，降级视图回到「一行一文档」[32m 0[2mms[22m[39m
     [32m✓[39m 不变量 1：孤儿行（从未被认领）一律保留[32m 0[2mms[22m[39m
     [32m✓[39m 不变量 3：尚未迁移的旧键不被投影破坏（未被认领 ⇒ 不删）[32m 0[2mms[22m[39m
     [32m✓[39m 不变量 4：幂等——投影连续两次行集一致，且纯 migrate() 不碰旧库[32m 0[2mms[22m[39m
     [32m✓[39m 不变量 2：畸形行保留（(b') 不碰 opaque 行，:236 的 failed 断言不受影响）[32m 1[2mms[22m[39m
     [32m✓[39m ★双形态认领：前缀形态（M5 迁移）同样触发回收[32m 1[2mms[22m[39m
     [32m✓[39m ★不变量 6（F3-部分成功）：未消解的源行保留，消解后才回收[32m 1[2mms[22m[39m
     [32m✓[39m ★starred 侧前缀不对称已消除（裁定 §5 附带项）[32m 0[2mms[22m[39m

[31m⎯⎯⎯⎯⎯⎯⎯[39m[1m[41m Failed Tests 1 [49m[22m[31m⎯⎯⎯⎯⎯⎯⎯[39m

[41m[1m FAIL [22m[49m tests/doc-index.test.ts[2m > [22mDocIndex · openedAt / savedAt（UD-2）[2m > [22mcompareRecent 的 null 分支按 savedAt 降序稳定排列
[31m[1mAssertionError[22m: expected [ 900, 1, 100 ] to deeply equal [ 1, 900, 100 ][39m

[32m- Expected[39m
[31m+ Received[39m

[2m  [[22m
[32m-   1,[39m
[2m    900,[22m
[31m+   1,[39m
[2m    100,[22m
[2m  ][22m

[36m [2m❯[22m tests/doc-index.test.ts:[2m213:42[22m[39m
    [90m211|[39m     [35mconst[39m noOpenSmall [33m=[39m { [33m...[39mbase[33m,[39m openedAt[33m:[39m [35mnull[39m[33m,[39m savedAt[33m:[39m [34m100[39m }[33m;[39m
    [90m212|[39m     const sorted = [noOpenSmall, withOpen, noOpenBig].sort(compareRece…
    [90m213|[39m     [34mexpect[39m(sorted[33m.[39m[34mmap[39m((e) [33m=>[39m e[33m.[39msavedAt))[33m.[39m[34mtoEqual[39m([[34m1[39m[33m,[39m [34m900[39m[33m,[39m [34m100[39m])[33m;[39m
    [90m   |[39m                                          [31m^[39m
    [90m214|[39m   })[33m;[39m
    [90m215|[39m })[33m;[39m

[31m[2m⎯⎯⎯⎯⎯⎯⎯⎯⎯⎯⎯⎯⎯⎯⎯⎯⎯⎯⎯⎯⎯⎯⎯⎯[1/1]⎯[22m[39m


[2m Test Files [22m [1m[31m1 failed[39m[22m[90m (1)[39m
[2m      Tests [22m [1m[31m1 failed[39m[22m[2m | [22m[1m[32m74 passed[39m[22m[90m (75)[39m
[2m   Start at [22m 17:56:35
[2m   Duration [22m 1.17s[2m (transform 559ms, setup 0ms, import 688ms, tests 22ms, environment 386ms)[22m

