[33m(!) Your Vite config uses features that are unsupported by `configLoader: 'native'`, which is planned to become the default in a future major version of Vite:
  - import "./vite.config" without a file extension (vitest.config.ts:4:24). Add the file extension
Set `VITE_CONFIG_NATIVE_IGNORE_WARNING=true` to suppress this warning.[39m

[1m[30m[46m RUN [49m[39m[22m [36mv4.1.11 [39m[90m/Users/xin020/Desktop/temp workbase/mindcanvas-portable-20260921/mindcanvas-s5/apps/canvas[39m

 [32m✓[39m tests/file-manager-archive.test.tsx [2m([22m[2m13 tests[22m[2m)[22m[33m 329[2mms[22m[39m
[31m⎯⎯⎯⎯⎯⎯[39m[1m[41m Unhandled Errors [49m[22m[31m⎯⎯⎯⎯⎯⎯[39m
[31m[1m
Vitest caught 1 unhandled error during the test run.
This might cause false positive tests. Resolve unhandled errors to make sure your tests are not affected.[22m[39m

[31m⎯⎯⎯⎯[39m[1m[41m Unhandled Rejection [49m[22m[31m⎯⎯⎯⎯⎯[39m
[31m[1mError[22m: E-PERMISSION: 权限被拒[39m
[36m [2m❯[22m Object.moveFile tests/file-manager-archive.test.tsx:[2m99:41[22m[39m
    [90m 97|[39m     [35masync[39m [34mmoveFile[39m(f[33m,[39m target) {
    [90m 98|[39m       calls[33m.[39mmoved[33m.[39m[34mpush[39m({ [35mfrom[39m[33m:[39m f[33m.[39mpath[33m,[39m to[33m:[39m target })[33m;[39m
    [90m 99|[39m       if (opts.failMove === true) throw new Error('E-PERMISSION: 权限被拒'…
    [90m   |[39m                                         [31m^[39m
    [90m100|[39m       [90m// 目标目录不存在 → 建（等价于宿主 `moveFileSafe` 的 create:true）[39m
    [90m101|[39m       [35mconst[39m top [33m=[39m target[33m.[39m[34msplit[39m([32m'/'[39m)[[34m0[39m] [33m??[39m target[33m;[39m
[90m [2m❯[22m src/useFileTreeOps.ts:[2m153:27[22m[39m
[90m [2m❯[22m src/useFileManagerRouting.ts:[2m139:12[22m[39m
[90m [2m❯[22m moveToDir src/FileManager.tsx:[2m296:12[22m[39m
[90m [2m❯[22m Object.request src/useFileArchive.ts:[2m67:7[22m[39m
[90m [2m❯[22m FileManager.children.menuNode.onArchive src/FileManager.tsx:[2m557:27[22m[39m
[90m [2m❯[22m executeDispatch ../../node_modules/.pnpm/react-dom@19.2.8_react@19.2.8/node_modules/react-dom/cjs/react-dom-client.development.js:[2m19116:9[22m[39m
[90m [2m❯[22m runWithFiberInDEV ../../node_modules/.pnpm/react-dom@19.2.8_react@19.2.8/node_modules/react-dom/cjs/react-dom-client.development.js:[2m874:13[22m[39m
[90m [2m❯[22m processDispatchQueue ../../node_modules/.pnpm/react-dom@19.2.8_react@19.2.8/node_modules/react-dom/cjs/react-dom-client.development.js:[2m19166:19[22m[39m
[90m [2m❯[22m ../../node_modules/.pnpm/react-dom@19.2.8_react@19.2.8/node_modules/react-dom/cjs/react-dom-client.development.js:[2m19767:9[22m[39m

[31mThis error originated in "[1mtests/file-manager-archive.test.tsx[22m" test file. It doesn't mean the error was thrown inside the file itself, but while it was running.[39m
[31mThe latest test that might've caused the error is "[1m★负控 5：归档失败（权限被拒）→ 零移动、无幽灵条目[22m". It might mean one of the following:
- The error was thrown, while Vitest was running this test.
- If the error occurred after the test had been completed, this was the last documented test before it was thrown.[39m
[31m⎯⎯⎯⎯⎯⎯⎯⎯⎯⎯⎯⎯⎯⎯⎯⎯⎯⎯⎯⎯⎯⎯⎯⎯⎯⎯⎯⎯⎯⎯[39m


[2m Test Files [22m [1m[32m1 passed[39m[22m[90m (1)[39m
[2m      Tests [22m [1m[32m13 passed[39m[22m[90m (13)[39m
[2m     Errors [22m [1m[31m1 error[39m[22m
[2m   Start at [22m 18:02:36
[2m   Duration [22m 1.39s[2m (transform 557ms, setup 0ms, import 728ms, tests 329ms, environment 263ms)[22m

